// Jest Snapshot v1, https://goo.gl/fbAQLP

exports[`App Provider should render as expected 1`] = `
<ThemeProvider
  theme={
    Object {
      "breakpoint": Object {
        "extraLarge": 1224,
        "large": 1025,
        "medium": 769,
        "small": 451,
      },
      "color": Object {
        "available": "rgb(46, 204, 113)",
        "background": "rgb(53, 59, 72)",
        "black": "#1e1e1e",
        "blue": "#2d8bd8",
        "grey": "rgb(220, 221, 225)",
        "grey_light": "#eaeaea",
        "notReady": "rgb(251, 197, 49)",
        "unavailable": "rgb(194, 54, 22)",
        "white": "#ffffff",
      },
      "component": Object {
        "spacing": "1.25em",
      },
    }
  }
>
  <UserProvider>
    <ResizeAnimationHandler>
      <MockComponent />
    </ResizeAnimationHandler>
  </UserProvider>
</ThemeProvider>
`;
